2026-09-04 13:24:48,961 DEBUG    root            Loaded Command Group: ['gcloud', 'components']
2026-09-04 13:24:49,031 DEBUG    root            Loaded Command Group: ['gcloud', 'components', 'update']
2026-09-04 13:24:49,035 DEBUG    root            Running [gcloud.components.update] with arguments: [--quiet: "True", COMPONENT-IDS:8: "['gcloud', 'core', 'bq', 'gsutil', 'compute', 'preview', 'alpha', 'beta']"]
2026-09-04 13:24:49,037 DEBUG    root            On GCE from disk cache: False
2026-09-04 13:24:49,037 INFO     ___FILE_ONLY___ Beginning update. This process may take several minutes.

2026-09-04 13:24:49,040 DEBUG    root            On GCE from memory cache: False
2026-09-04 13:24:49,043 DEBUG    root            On GCE from memory cache: False
2026-09-04 13:24:49,046 DEBUG    urllib3.connectionpool Starting new HTTPS connection (1): dl.google.com:443
2026-09-04 13:24:49,065 DEBUG    urllib3.connectionpool https://dl.google.com:443 "GET /dl/cloudsdk/channels/rapid/components-2.json HTTP/1.1" 200 27641
2026-09-04 13:24:49,088 WARNING  root            Component [compute] no longer exists.
2026-09-04 13:24:49,090 INFO     ___FILE_ONLY___ 

2026-09-04 13:24:49,095 INFO     ___FILE_ONLY___ 
Your current Google Cloud CLI version is: 583.0.0

2026-09-04 13:24:49,095 INFO     ___FILE_ONLY___ Installing components from version: 583.0.0

2026-09-04 13:24:49,095 INFO     ___FILE_ONLY___ 

2026-09-04 13:24:49,095 DEBUG    root            Chosen display Format:table[box,title="These components will be removed."](details.display_name:label=Name:align=left,version.version_string:label=Version:align=right,data.size.size(zero="",min=1048576):label=Size:align=right)
2026-09-04 13:24:49,096 DEBUG    root            Chosen display Format:table[box,title="These components will be updated."](details.display_name:label=Name:align=left,version.version_string:label=Version:align=right,data.size.size(zero="",min=1048576):label=Size:align=right)
2026-09-04 13:24:49,097 DEBUG    root            Chosen display Format:table[box,title="These components will be installed."](details.display_name:label=Name:align=left,version.version_string:label=Version:align=right,data.size.size(zero="",min=1048576):label=Size:align=right)
2026-09-04 13:24:49,129 INFO     ___FILE_ONLY___ ┌────────────────────────────────────────────────┐
2026-09-04 13:24:49,129 INFO     ___FILE_ONLY___ 

2026-09-04 13:24:49,129 INFO     ___FILE_ONLY___ │      These components will be installed.       │
2026-09-04 13:24:49,129 INFO     ___FILE_ONLY___ 

2026-09-04 13:24:49,130 INFO     ___FILE_ONLY___ ├─────────────────────────┬────────────┬─────────┤
2026-09-04 13:24:49,130 INFO     ___FILE_ONLY___ 

2026-09-04 13:24:49,130 INFO     ___FILE_ONLY___ │           Name          │  Version   │   Size  │
2026-09-04 13:24:49,130 INFO     ___FILE_ONLY___ 

2026-09-04 13:24:49,130 INFO     ___FILE_ONLY___ ├─────────────────────────┼────────────┼─────────┤
2026-09-04 13:24:49,130 INFO     ___FILE_ONLY___ 

2026-09-04 13:24:49,130 INFO     ___FILE_ONLY___ │ 
2026-09-04 13:24:49,130 INFO     ___FILE_ONLY___ gcloud Alpha Commands  
2026-09-04 13:24:49,131 INFO     ___FILE_ONLY___  
2026-09-04 13:24:49,131 INFO     ___FILE_ONLY___ │ 
2026-09-04 13:24:49,131 INFO     ___FILE_ONLY___ 2026.08.31
2026-09-04 13:24:49,132 INFO     ___FILE_ONLY___  
2026-09-04 13:24:49,132 INFO     ___FILE_ONLY___ │ 
2026-09-04 13:24:49,132 INFO     ___FILE_ONLY___ < 1 MiB
2026-09-04 13:24:49,132 INFO     ___FILE_ONLY___  
2026-09-04 13:24:49,133 INFO     ___FILE_ONLY___ │
2026-09-04 13:24:49,133 INFO     ___FILE_ONLY___ 

2026-09-04 13:24:49,133 INFO     ___FILE_ONLY___ │ 
2026-09-04 13:24:49,133 INFO     ___FILE_ONLY___ gcloud Beta Commands   
2026-09-04 13:24:49,133 INFO     ___FILE_ONLY___  
2026-09-04 13:24:49,133 INFO     ___FILE_ONLY___ │ 
2026-09-04 13:24:49,134 INFO     ___FILE_ONLY___ 2026.08.31
2026-09-04 13:24:49,134 INFO     ___FILE_ONLY___  
2026-09-04 13:24:49,134 INFO     ___FILE_ONLY___ │ 
2026-09-04 13:24:49,134 INFO     ___FILE_ONLY___ < 1 MiB
2026-09-04 13:24:49,134 INFO     ___FILE_ONLY___  
2026-09-04 13:24:49,135 INFO     ___FILE_ONLY___ │
2026-09-04 13:24:49,135 INFO     ___FILE_ONLY___ 

2026-09-04 13:24:49,135 INFO     ___FILE_ONLY___ │ 
2026-09-04 13:24:49,135 INFO     ___FILE_ONLY___ gcloud Preview Commands
2026-09-04 13:24:49,135 INFO     ___FILE_ONLY___  
2026-09-04 13:24:49,135 INFO     ___FILE_ONLY___ │ 
2026-09-04 13:24:49,135 INFO     ___FILE_ONLY___ 2026.08.31
2026-09-04 13:24:49,135 INFO     ___FILE_ONLY___  
2026-09-04 13:24:49,136 INFO     ___FILE_ONLY___ │ 
2026-09-04 13:24:49,136 INFO     ___FILE_ONLY___ < 1 MiB
2026-09-04 13:24:49,136 INFO     ___FILE_ONLY___  
2026-09-04 13:24:49,136 INFO     ___FILE_ONLY___ │
2026-09-04 13:24:49,136 INFO     ___FILE_ONLY___ 

2026-09-04 13:24:49,136 INFO     ___FILE_ONLY___ └─────────────────────────┴────────────┴─────────┘
2026-09-04 13:24:49,136 INFO     ___FILE_ONLY___ 

2026-09-04 13:24:49,136 INFO     ___FILE_ONLY___ 

2026-09-04 13:24:49,138 DEBUG    root            On GCE from memory cache: False
2026-09-04 13:24:49,140 DEBUG    root            On GCE from memory cache: False
2026-09-04 13:24:49,142 DEBUG    urllib3.connectionpool Starting new HTTPS connection (1): dl.google.com:443
2026-09-04 13:24:49,158 DEBUG    urllib3.connectionpool https://dl.google.com:443 "GET /dl/cloudsdk/channels/rapid/RELEASE_NOTES HTTP/1.1" 200 402058
2026-09-04 13:24:50,524 INFO     ___FILE_ONLY___ For the latest full release notes, please visit:
  https://cloud.google.com/sdk/release_notes


2026-09-04 13:24:50,525 INFO     ___FILE_ONLY___ Performing in place update...


2026-09-04 13:24:50,532 INFO     ___FILE_ONLY___ ╔════════════════════════════════════════════════════════════╗

2026-09-04 13:24:50,532 INFO     ___FILE_ONLY___ ╠═ Downloading: gcloud Alpha Commands                       ═╣

2026-09-04 13:24:50,532 INFO     ___FILE_ONLY___ ╚
2026-09-04 13:24:50,534 DEBUG    root            On GCE from memory cache: False
2026-09-04 13:24:50,536 DEBUG    root            On GCE from memory cache: False
2026-09-04 13:24:50,537 DEBUG    urllib3.connectionpool Starting new HTTPS connection (1): dl.google.com:443
2026-09-04 13:24:50,596 DEBUG    urllib3.connectionpool https://dl.google.com:443 "GET /dl/cloudsdk/channels/rapid/components/google-cloud-sdk-alpha-20260831161632.tar.gz HTTP/1.1" 200 761
2026-09-04 13:24:50,597 INFO     ___FILE_ONLY___ ════════════════════════════════════════════════════════════
2026-09-04 13:24:50,597 INFO     ___FILE_ONLY___ ╝

2026-09-04 13:24:50,600 INFO     ___FILE_ONLY___ ╔════════════════════════════════════════════════════════════╗

2026-09-04 13:24:50,600 INFO     ___FILE_ONLY___ ╠═ Downloading: gcloud Beta Commands                        ═╣

2026-09-04 13:24:50,600 INFO     ___FILE_ONLY___ ╚
2026-09-04 13:24:50,602 DEBUG    root            On GCE from memory cache: False
2026-09-04 13:24:50,604 DEBUG    root            On GCE from memory cache: False
2026-09-04 13:24:50,605 DEBUG    urllib3.connectionpool Starting new HTTPS connection (1): dl.google.com:443
2026-09-04 13:24:50,677 DEBUG    urllib3.connectionpool https://dl.google.com:443 "GET /dl/cloudsdk/channels/rapid/components/google-cloud-sdk-beta-20260831161632.tar.gz HTTP/1.1" 200 758
2026-09-04 13:24:50,678 INFO     ___FILE_ONLY___ ════════════════════════════════════════════════════════════
2026-09-04 13:24:50,678 INFO     ___FILE_ONLY___ ╝

2026-09-04 13:24:50,681 INFO     ___FILE_ONLY___ ╔════════════════════════════════════════════════════════════╗

2026-09-04 13:24:50,681 INFO     ___FILE_ONLY___ ╠═ Downloading: gcloud Preview Commands                     ═╣

2026-09-04 13:24:50,681 INFO     ___FILE_ONLY___ ╚
2026-09-04 13:24:50,683 DEBUG    root            On GCE from memory cache: False
2026-09-04 13:24:50,685 DEBUG    root            On GCE from memory cache: False
2026-09-04 13:24:50,687 DEBUG    urllib3.connectionpool Starting new HTTPS connection (1): dl.google.com:443
2026-09-04 13:24:50,750 DEBUG    urllib3.connectionpool https://dl.google.com:443 "GET /dl/cloudsdk/channels/rapid/components/google-cloud-sdk-preview-20260831161632.tar.gz HTTP/1.1" 200 782
2026-09-04 13:24:50,751 INFO     ___FILE_ONLY___ ════════════════════════════════════════════════════════════
2026-09-04 13:24:50,751 INFO     ___FILE_ONLY___ ╝

2026-09-04 13:24:50,754 INFO     ___FILE_ONLY___ ╔════════════════════════════════════════════════════════════╗

2026-09-04 13:24:50,754 INFO     ___FILE_ONLY___ ╠═ Installing: gcloud Alpha Commands                        ═╣

2026-09-04 13:24:50,754 INFO     ___FILE_ONLY___ ╚
2026-09-04 13:24:50,756 INFO     ___FILE_ONLY___ ════════════════════════════════════════════════════════════
2026-09-04 13:24:50,762 INFO     ___FILE_ONLY___ ╝

2026-09-04 13:24:50,775 INFO     ___FILE_ONLY___ ╔════════════════════════════════════════════════════════════╗

2026-09-04 13:24:50,775 INFO     ___FILE_ONLY___ ╠═ Installing: gcloud Beta Commands                         ═╣

2026-09-04 13:24:50,775 INFO     ___FILE_ONLY___ ╚
2026-09-04 13:24:50,776 INFO     ___FILE_ONLY___ ════════════════════════════════════════════════════════════
2026-09-04 13:24:50,776 INFO     ___FILE_ONLY___ ╝

2026-09-04 13:24:50,791 INFO     ___FILE_ONLY___ ╔════════════════════════════════════════════════════════════╗

2026-09-04 13:24:50,791 INFO     ___FILE_ONLY___ ╠═ Installing: gcloud Preview Commands                      ═╣

2026-09-04 13:24:50,791 INFO     ___FILE_ONLY___ ╚
2026-09-04 13:24:50,792 INFO     ___FILE_ONLY___ ════════════════════════════════════════════════════════════
2026-09-04 13:24:50,792 INFO     ___FILE_ONLY___ ╝

2026-09-04 13:24:50,802 DEBUG    root            Updating notification cache...
2026-09-04 13:24:50,802 INFO     ___FILE_ONLY___ 

2026-09-04 13:24:50,811 INFO     ___FILE_ONLY___ Performing post processing steps...
2026-09-04 13:24:50,818 DEBUG    root            Executing command: ['/tools/google-cloud-sdk/bin/gcloud', 'components', 'post-process']
2026-09-04 13:25:08,217 DEBUG    ___FILE_ONLY___ 
2026-09-04 13:25:08,218 DEBUG    ___FILE_ONLY___ 
2026-09-04 13:25:08,413 INFO     root            descriptor_list: [{'universeDomain': 'googleapis.com', 'universeShortName': '', 'authenticationDomain': 'auth.cloud.google.com', 'projectPrefix': '', 'cloudWebDomain': 'cloud.google.com', 'documentationDomain': 'cloud.google.com', 'version': '1.0.0', 'state': 'primary', 'artifactRegistryDomain': 'pkg.dev'}]
2026-09-04 13:25:08,414 INFO     ___FILE_ONLY___ 
Update done!


2026-09-04 13:25:08,417 DEBUG    root            Chosen display Format:none
2026-09-04 13:25:08,418 INFO     root            Display format: "none"
