2026-09-04 13:24:04,450 DEBUG    root            Failed to read GCE cache file: [Errno 2] No such file or directory: '/content/.config/gce'
2026-09-04 13:24:22,811 DEBUG    root            Failed to check metadata server: <urlopen error timed out>
2026-09-04 13:24:22,815 DEBUG    root            Loaded Command Group: ['gcloud', 'components']
2026-09-04 13:24:22,821 DEBUG    root            Loaded Command Group: ['gcloud', 'components', 'update']
2026-09-04 13:24:22,825 DEBUG    root            Running [gcloud.components.update] with arguments: [--compile-python: "True", --quiet: "True", COMPONENT-IDS:6: "['core', 'gcloud-deps', 'bq', 'gcloud', 'gcloud-crc32c', 'gsutil']"]
2026-09-04 13:24:22,827 INFO     ___FILE_ONLY___ Beginning update. This process may take several minutes.

2026-09-04 13:24:22,869 DEBUG    root            On GCE from memory cache: False
2026-09-04 13:24:22,873 DEBUG    root            On GCE from memory cache: False
2026-09-04 13:24:22,877 DEBUG    urllib3.connectionpool Starting new HTTPS connection (1): dl.google.com:443
2026-09-04 13:24:22,896 DEBUG    urllib3.connectionpool https://dl.google.com:443 "GET /dl/cloudsdk/channels/rapid/components-2.json HTTP/1.1" 200 27641
2026-09-04 13:24:22,944 INFO     ___FILE_ONLY___ 

2026-09-04 13:24:22,945 INFO     ___FILE_ONLY___ 
Your current Google Cloud CLI version is: 583.0.0

2026-09-04 13:24:22,945 INFO     ___FILE_ONLY___ Installing components from version: 583.0.0

2026-09-04 13:24:22,945 INFO     ___FILE_ONLY___ 

2026-09-04 13:24:22,946 DEBUG    root            Chosen display Format:table[box,title="These components will be removed."](details.display_name:label=Name:align=left,version.version_string:label=Version:align=right,data.size.size(zero="",min=1048576):label=Size:align=right)
2026-09-04 13:24:22,947 DEBUG    root            Chosen display Format:table[box,title="These components will be updated."](details.display_name:label=Name:align=left,version.version_string:label=Version:align=right,data.size.size(zero="",min=1048576):label=Size:align=right)
2026-09-04 13:24:22,947 DEBUG    root            Chosen display Format:table[box,title="These components will be installed."](details.display_name:label=Name:align=left,version.version_string:label=Version:align=right,data.size.size(zero="",min=1048576):label=Size:align=right)
2026-09-04 13:24:23,026 INFO     ___FILE_ONLY___ ┌─────────────────────────────────────────────────────────────────────────────┐
2026-09-04 13:24:23,026 INFO     ___FILE_ONLY___ 

2026-09-04 13:24:23,026 INFO     ___FILE_ONLY___ │                     These components will be installed.                     │
2026-09-04 13:24:23,026 INFO     ___FILE_ONLY___ 

2026-09-04 13:24:23,026 INFO     ___FILE_ONLY___ ├─────────────────────────────────────────────────────┬────────────┬──────────┤
2026-09-04 13:24:23,027 INFO     ___FILE_ONLY___ 

2026-09-04 13:24:23,027 INFO     ___FILE_ONLY___ │                         Name                        │  Version   │   Size   │
2026-09-04 13:24:23,027 INFO     ___FILE_ONLY___ 

2026-09-04 13:24:23,027 INFO     ___FILE_ONLY___ ├─────────────────────────────────────────────────────┼────────────┼──────────┤
2026-09-04 13:24:23,027 INFO     ___FILE_ONLY___ 

2026-09-04 13:24:23,027 INFO     ___FILE_ONLY___ │ 
2026-09-04 13:24:23,027 INFO     ___FILE_ONLY___ BigQuery Command Line Tool                         
2026-09-04 13:24:23,027 INFO     ___FILE_ONLY___  
2026-09-04 13:24:23,027 INFO     ___FILE_ONLY___ │ 
2026-09-04 13:24:23,027 INFO     ___FILE_ONLY___     2.1.38
2026-09-04 13:24:23,028 INFO     ___FILE_ONLY___  
2026-09-04 13:24:23,028 INFO     ___FILE_ONLY___ │ 
2026-09-04 13:24:23,028 INFO     ___FILE_ONLY___  2.2 MiB
2026-09-04 13:24:23,028 INFO     ___FILE_ONLY___  
2026-09-04 13:24:23,028 INFO     ___FILE_ONLY___ │
2026-09-04 13:24:23,028 INFO     ___FILE_ONLY___ 

2026-09-04 13:24:23,028 INFO     ___FILE_ONLY___ │ 
2026-09-04 13:24:23,028 INFO     ___FILE_ONLY___ BigQuery Command Line Tool (Platform Specific)     
2026-09-04 13:24:23,028 INFO     ___FILE_ONLY___  
2026-09-04 13:24:23,028 INFO     ___FILE_ONLY___ │ 
2026-09-04 13:24:23,029 INFO     ___FILE_ONLY___     2.1.32
2026-09-04 13:24:23,029 INFO     ___FILE_ONLY___  
2026-09-04 13:24:23,029 INFO     ___FILE_ONLY___ │ 
2026-09-04 13:24:23,029 INFO     ___FILE_ONLY___  < 1 MiB
2026-09-04 13:24:23,029 INFO     ___FILE_ONLY___  
2026-09-04 13:24:23,029 INFO     ___FILE_ONLY___ │
2026-09-04 13:24:23,029 INFO     ___FILE_ONLY___ 

2026-09-04 13:24:23,029 INFO     ___FILE_ONLY___ │ 
2026-09-04 13:24:23,029 INFO     ___FILE_ONLY___ Bundled Python 3.14 (Platform Specific)            
2026-09-04 13:24:23,029 INFO     ___FILE_ONLY___  
2026-09-04 13:24:23,030 INFO     ___FILE_ONLY___ │ 
2026-09-04 13:24:23,030 INFO     ___FILE_ONLY___     3.14.7
2026-09-04 13:24:23,030 INFO     ___FILE_ONLY___  
2026-09-04 13:24:23,030 INFO     ___FILE_ONLY___ │ 
2026-09-04 13:24:23,030 INFO     ___FILE_ONLY___ 32.9 MiB
2026-09-04 13:24:23,030 INFO     ___FILE_ONLY___  
2026-09-04 13:24:23,030 INFO     ___FILE_ONLY___ │
2026-09-04 13:24:23,030 INFO     ___FILE_ONLY___ 

2026-09-04 13:24:23,030 INFO     ___FILE_ONLY___ │ 
2026-09-04 13:24:23,030 INFO     ___FILE_ONLY___ Cloud Storage Command Line Tool                    
2026-09-04 13:24:23,031 INFO     ___FILE_ONLY___  
2026-09-04 13:24:23,031 INFO     ___FILE_ONLY___ │ 
2026-09-04 13:24:23,031 INFO     ___FILE_ONLY___       5.37
2026-09-04 13:24:23,031 INFO     ___FILE_ONLY___  
2026-09-04 13:24:23,031 INFO     ___FILE_ONLY___ │ 
2026-09-04 13:24:23,031 INFO     ___FILE_ONLY___ 12.4 MiB
2026-09-04 13:24:23,031 INFO     ___FILE_ONLY___  
2026-09-04 13:24:23,031 INFO     ___FILE_ONLY___ │
2026-09-04 13:24:23,031 INFO     ___FILE_ONLY___ 

2026-09-04 13:24:23,031 INFO     ___FILE_ONLY___ │ 
2026-09-04 13:24:23,032 INFO     ___FILE_ONLY___ Cloud Storage Command Line Tool (Platform Specific)
2026-09-04 13:24:23,032 INFO     ___FILE_ONLY___  
2026-09-04 13:24:23,032 INFO     ___FILE_ONLY___ │ 
2026-09-04 13:24:23,032 INFO     ___FILE_ONLY___       5.37
2026-09-04 13:24:23,032 INFO     ___FILE_ONLY___  
2026-09-04 13:24:23,032 INFO     ___FILE_ONLY___ │ 
2026-09-04 13:24:23,032 INFO     ___FILE_ONLY___  < 1 MiB
2026-09-04 13:24:23,032 INFO     ___FILE_ONLY___  
2026-09-04 13:24:23,032 INFO     ___FILE_ONLY___ │
2026-09-04 13:24:23,032 INFO     ___FILE_ONLY___ 

2026-09-04 13:24:23,033 INFO     ___FILE_ONLY___ │ 
2026-09-04 13:24:23,033 INFO     ___FILE_ONLY___ Default set of gcloud commands (Platform Specific) 
2026-09-04 13:24:23,033 INFO     ___FILE_ONLY___  
2026-09-04 13:24:23,033 INFO     ___FILE_ONLY___ │ 
2026-09-04 13:24:23,033 INFO     ___FILE_ONLY___ 2026.07.10
2026-09-04 13:24:23,033 INFO     ___FILE_ONLY___  
2026-09-04 13:24:23,033 INFO     ___FILE_ONLY___ │ 
2026-09-04 13:24:23,033 INFO     ___FILE_ONLY___  < 1 MiB
2026-09-04 13:24:23,033 INFO     ___FILE_ONLY___  
2026-09-04 13:24:23,033 INFO     ___FILE_ONLY___ │
2026-09-04 13:24:23,033 INFO     ___FILE_ONLY___ 

2026-09-04 13:24:23,034 INFO     ___FILE_ONLY___ │ 
2026-09-04 13:24:23,034 INFO     ___FILE_ONLY___ Google Cloud CLI Core Libraries (Platform Specific)
2026-09-04 13:24:23,034 INFO     ___FILE_ONLY___  
2026-09-04 13:24:23,034 INFO     ___FILE_ONLY___ │ 
2026-09-04 13:24:23,034 INFO     ___FILE_ONLY___ 2026.06.05
2026-09-04 13:24:23,034 INFO     ___FILE_ONLY___  
2026-09-04 13:24:23,034 INFO     ___FILE_ONLY___ │ 
2026-09-04 13:24:23,034 INFO     ___FILE_ONLY___  < 1 MiB
2026-09-04 13:24:23,034 INFO     ___FILE_ONLY___  
2026-09-04 13:24:23,034 INFO     ___FILE_ONLY___ │
2026-09-04 13:24:23,035 INFO     ___FILE_ONLY___ 

2026-09-04 13:24:23,035 INFO     ___FILE_ONLY___ │ 
2026-09-04 13:24:23,035 INFO     ___FILE_ONLY___ Google Cloud CRC32C Hash Tool (Platform Specific)  
2026-09-04 13:24:23,035 INFO     ___FILE_ONLY___  
2026-09-04 13:24:23,035 INFO     ___FILE_ONLY___ │ 
2026-09-04 13:24:23,035 INFO     ___FILE_ONLY___      1.0.0
2026-09-04 13:24:23,035 INFO     ___FILE_ONLY___  
2026-09-04 13:24:23,035 INFO     ___FILE_ONLY___ │ 
2026-09-04 13:24:23,035 INFO     ___FILE_ONLY___  1.5 MiB
2026-09-04 13:24:23,035 INFO     ___FILE_ONLY___  
2026-09-04 13:24:23,035 INFO     ___FILE_ONLY___ │
2026-09-04 13:24:23,036 INFO     ___FILE_ONLY___ 

2026-09-04 13:24:23,036 INFO     ___FILE_ONLY___ │ 
2026-09-04 13:24:23,036 INFO     ___FILE_ONLY___ gcloud cli dependencies (Platform Specific)        
2026-09-04 13:24:23,036 INFO     ___FILE_ONLY___  
2026-09-04 13:24:23,036 INFO     ___FILE_ONLY___ │ 
2026-09-04 13:24:23,036 INFO     ___FILE_ONLY___ 2021.04.16
2026-09-04 13:24:23,036 INFO     ___FILE_ONLY___  
2026-09-04 13:24:23,036 INFO     ___FILE_ONLY___ │ 
2026-09-04 13:24:23,036 INFO     ___FILE_ONLY___  < 1 MiB
2026-09-04 13:24:23,036 INFO     ___FILE_ONLY___  
2026-09-04 13:24:23,036 INFO     ___FILE_ONLY___ │
2026-09-04 13:24:23,036 INFO     ___FILE_ONLY___ 

2026-09-04 13:24:23,037 INFO     ___FILE_ONLY___ └─────────────────────────────────────────────────────┴────────────┴──────────┘
2026-09-04 13:24:23,037 INFO     ___FILE_ONLY___ 

2026-09-04 13:24:23,037 INFO     ___FILE_ONLY___ 

2026-09-04 13:24:23,038 DEBUG    root            On GCE from memory cache: False
2026-09-04 13:24:23,040 DEBUG    root            On GCE from memory cache: False
2026-09-04 13:24:23,043 DEBUG    urllib3.connectionpool Starting new HTTPS connection (1): dl.google.com:443
2026-09-04 13:24:23,059 DEBUG    urllib3.connectionpool https://dl.google.com:443 "GET /dl/cloudsdk/channels/rapid/RELEASE_NOTES HTTP/1.1" 200 402058
2026-09-04 13:24:24,414 INFO     ___FILE_ONLY___ For the latest full release notes, please visit:
  https://cloud.google.com/sdk/release_notes


2026-09-04 13:24:24,415 INFO     ___FILE_ONLY___ Performing in place update...


2026-09-04 13:24:24,418 INFO     ___FILE_ONLY___ ╔════════════════════════════════════════════════════════════╗

2026-09-04 13:24:24,418 INFO     ___FILE_ONLY___ ╠═ Downloading: BigQuery Command Line Tool                  ═╣

2026-09-04 13:24:24,418 INFO     ___FILE_ONLY___ ╚
2026-09-04 13:24:24,420 DEBUG    root            On GCE from memory cache: False
2026-09-04 13:24:24,422 DEBUG    root            On GCE from memory cache: False
2026-09-04 13:24:24,423 DEBUG    urllib3.connectionpool Starting new HTTPS connection (1): dl.google.com:443
2026-09-04 13:24:24,439 DEBUG    urllib3.connectionpool https://dl.google.com:443 "GET /dl/cloudsdk/channels/rapid/components/google-cloud-sdk-bq-20260831161632.tar.gz HTTP/1.1" 200 2289917
2026-09-04 13:24:24,461 INFO     ___FILE_ONLY___ ═
2026-09-04 13:24:24,461 INFO     ___FILE_ONLY___ ═
2026-09-04 13:24:24,461 INFO     ___FILE_ONLY___ ═
2026-09-04 13:24:24,462 INFO     ___FILE_ONLY___ ═
2026-09-04 13:24:24,462 INFO     ___FILE_ONLY___ ═
2026-09-04 13:24:24,462 INFO     ___FILE_ONLY___ ═
2026-09-04 13:24:24,462 INFO     ___FILE_ONLY___ ═
2026-09-04 13:24:24,462 INFO     ___FILE_ONLY___ ═
2026-09-04 13:24:24,463 INFO     ___FILE_ONLY___ ═
2026-09-04 13:24:24,463 INFO     ___FILE_ONLY___ ═
2026-09-04 13:24:24,463 INFO     ___FILE_ONLY___ ═
2026-09-04 13:24:24,463 INFO     ___FILE_ONLY___ ═
2026-09-04 13:24:24,463 INFO     ___FILE_ONLY___ ═
2026-09-04 13:24:24,464 INFO     ___FILE_ONLY___ ═
2026-09-04 13:24:24,464 INFO     ___FILE_ONLY___ ═
2026-09-04 13:24:24,464 INFO     ___FILE_ONLY___ ═
2026-09-04 13:24:24,464 INFO     ___FILE_ONLY___ ═
2026-09-04 13:24:24,464 INFO     ___FILE_ONLY___ ═
2026-09-04 13:24:24,464 INFO     ___FILE_ONLY___ ═
2026-09-04 13:24:24,465 INFO     ___FILE_ONLY___ ═
2026-09-04 13:24:24,465 INFO     ___FILE_ONLY___ ═
2026-09-04 13:24:24,465 INFO     ___FILE_ONLY___ ═
2026-09-04 13:24:24,465 INFO     ___FILE_ONLY___ ═
2026-09-04 13:24:24,465 INFO     ___FILE_ONLY___ ═
2026-09-04 13:24:24,466 INFO     ___FILE_ONLY___ ═
2026-09-04 13:24:24,466 INFO     ___FILE_ONLY___ ═
2026-09-04 13:24:24,466 INFO     ___FILE_ONLY___ ═
2026-09-04 13:24:24,466 INFO     ___FILE_ONLY___ ═
2026-09-04 13:24:24,466 INFO     ___FILE_ONLY___ ═
2026-09-04 13:24:24,466 INFO     ___FILE_ONLY___ ═
2026-09-04 13:24:24,467 INFO     ___FILE_ONLY___ ═
2026-09-04 13:24:24,467 INFO     ___FILE_ONLY___ ═
2026-09-04 13:24:24,467 INFO     ___FILE_ONLY___ ═
2026-09-04 13:24:24,467 INFO     ___FILE_ONLY___ ═
2026-09-04 13:24:24,467 INFO     ___FILE_ONLY___ ═
2026-09-04 13:24:24,467 INFO     ___FILE_ONLY___ ═
2026-09-04 13:24:24,468 INFO     ___FILE_ONLY___ ═
2026-09-04 13:24:24,468 INFO     ___FILE_ONLY___ ═
2026-09-04 13:24:24,468 INFO     ___FILE_ONLY___ ═
2026-09-04 13:24:24,468 INFO     ___FILE_ONLY___ ═
2026-09-04 13:24:24,468 INFO     ___FILE_ONLY___ ═
2026-09-04 13:24:24,469 INFO     ___FILE_ONLY___ ═
2026-09-04 13:24:24,469 INFO     ___FILE_ONLY___ ═
2026-09-04 13:24:24,469 INFO     ___FILE_ONLY___ ═
2026-09-04 13:24:24,469 INFO     ___FILE_ONLY___ ═
2026-09-04 13:24:24,469 INFO     ___FILE_ONLY___ ═
2026-09-04 13:24:24,469 INFO     ___FILE_ONLY___ ═
2026-09-04 13:24:24,470 INFO     ___FILE_ONLY___ ═
2026-09-04 13:24:24,470 INFO     ___FILE_ONLY___ ═
2026-09-04 13:24:24,470 INFO     ___FILE_ONLY___ ═
2026-09-04 13:24:24,470 INFO     ___FILE_ONLY___ ═
2026-09-04 13:24:24,470 INFO     ___FILE_ONLY___ ═
2026-09-04 13:24:24,471 INFO     ___FILE_ONLY___ ═
2026-09-04 13:24:24,471 INFO     ___FILE_ONLY___ ═
2026-09-04 13:24:24,471 INFO     ___FILE_ONLY___ ═
2026-09-04 13:24:24,471 INFO     ___FILE_ONLY___ ═
2026-09-04 13:24:24,471 INFO     ___FILE_ONLY___ ═
2026-09-04 13:24:24,471 INFO     ___FILE_ONLY___ ═
2026-09-04 13:24:24,472 INFO     ___FILE_ONLY___ ═
2026-09-04 13:24:24,472 INFO     ___FILE_ONLY___ ═
2026-09-04 13:24:24,472 INFO     ___FILE_ONLY___ ╝

2026-09-04 13:24:24,475 INFO     ___FILE_ONLY___ ╔════════════════════════════════════════════════════════════╗

2026-09-04 13:24:24,475 INFO     ___FILE_ONLY___ ╠═ Downloading: BigQuery Command Line Tool (Platform Spe... ═╣

2026-09-04 13:24:24,475 INFO     ___FILE_ONLY___ ╚
2026-09-04 13:24:24,477 DEBUG    root            On GCE from memory cache: False
2026-09-04 13:24:24,478 DEBUG    root            On GCE from memory cache: False
2026-09-04 13:24:24,480 DEBUG    urllib3.connectionpool Starting new HTTPS connection (1): dl.google.com:443
2026-09-04 13:24:24,494 DEBUG    urllib3.connectionpool https://dl.google.com:443 "GET /dl/cloudsdk/channels/rapid/components/google-cloud-sdk-bq-nix-20260605120704.tar.gz HTTP/1.1" 200 1948
2026-09-04 13:24:24,495 INFO     ___FILE_ONLY___ ════════════════════════════════════════════════════════════
2026-09-04 13:24:24,495 INFO     ___FILE_ONLY___ ╝

2026-09-04 13:24:24,498 INFO     ___FILE_ONLY___ ╔════════════════════════════════════════════════════════════╗

2026-09-04 13:24:24,498 INFO     ___FILE_ONLY___ ╠═ Downloading: Bundled Python 3.14                         ═╣

2026-09-04 13:24:24,498 INFO     ___FILE_ONLY___ ╚
2026-09-04 13:24:24,498 INFO     ___FILE_ONLY___ ════════════════════════════════════════════════════════════
2026-09-04 13:24:24,498 INFO     ___FILE_ONLY___ ╝

2026-09-04 13:24:24,500 INFO     ___FILE_ONLY___ ╔════════════════════════════════════════════════════════════╗

2026-09-04 13:24:24,501 INFO     ___FILE_ONLY___ ╠═ Downloading: Bundled Python 3.14 (Platform Specific)     ═╣

2026-09-04 13:24:24,501 INFO     ___FILE_ONLY___ ╚
2026-09-04 13:24:24,502 DEBUG    root            On GCE from memory cache: False
2026-09-04 13:24:24,504 DEBUG    root            On GCE from memory cache: False
2026-09-04 13:24:24,506 DEBUG    urllib3.connectionpool Starting new HTTPS connection (1): dl.google.com:443
2026-09-04 13:24:24,523 DEBUG    urllib3.connectionpool https://dl.google.com:443 "GET /dl/cloudsdk/channels/rapid/components/google-cloud-sdk-bundled-python3-unix-linux-x86_64-20260821073916.tar.gz HTTP/1.1" 200 34549660
2026-09-04 13:24:24,739 INFO     ___FILE_ONLY___ ═
2026-09-04 13:24:24,740 INFO     ___FILE_ONLY___ ═
2026-09-04 13:24:24,741 INFO     ___FILE_ONLY___ ═
2026-09-04 13:24:24,742 INFO     ___FILE_ONLY___ ═
2026-09-04 13:24:24,744 INFO     ___FILE_ONLY___ ═
2026-09-04 13:24:24,745 INFO     ___FILE_ONLY___ ═
2026-09-04 13:24:24,746 INFO     ___FILE_ONLY___ ═
2026-09-04 13:24:24,747 INFO     ___FILE_ONLY___ ═
2026-09-04 13:24:24,748 INFO     ___FILE_ONLY___ ═
2026-09-04 13:24:24,749 INFO     ___FILE_ONLY___ ═
2026-09-04 13:24:24,750 INFO     ___FILE_ONLY___ ═
2026-09-04 13:24:24,751 INFO     ___FILE_ONLY___ ═
2026-09-04 13:24:24,752 INFO     ___FILE_ONLY___ ═
2026-09-04 13:24:24,753 INFO     ___FILE_ONLY___ ═
2026-09-04 13:24:24,754 INFO     ___FILE_ONLY___ ═
2026-09-04 13:24:24,755 INFO     ___FILE_ONLY___ ═
2026-09-04 13:24:24,756 INFO     ___FILE_ONLY___ ═
2026-09-04 13:24:24,757 INFO     ___FILE_ONLY___ ═
2026-09-04 13:24:24,758 INFO     ___FILE_ONLY___ ═
2026-09-04 13:24:24,760 INFO     ___FILE_ONLY___ ═
2026-09-04 13:24:24,761 INFO     ___FILE_ONLY___ ═
2026-09-04 13:24:24,762 INFO     ___FILE_ONLY___ ═
2026-09-04 13:24:24,763 INFO     ___FILE_ONLY___ ═
2026-09-04 13:24:24,764 INFO     ___FILE_ONLY___ ═
2026-09-04 13:24:24,765 INFO     ___FILE_ONLY___ ═
2026-09-04 13:24:24,766 INFO     ___FILE_ONLY___ ═
2026-09-04 13:24:24,767 INFO     ___FILE_ONLY___ ═
2026-09-04 13:24:24,768 INFO     ___FILE_ONLY___ ═
2026-09-04 13:24:24,769 INFO     ___FILE_ONLY___ ═
2026-09-04 13:24:24,770 INFO     ___FILE_ONLY___ ═
2026-09-04 13:24:24,771 INFO     ___FILE_ONLY___ ═
2026-09-04 13:24:24,773 INFO     ___FILE_ONLY___ ═
2026-09-04 13:24:24,774 INFO     ___FILE_ONLY___ ═
2026-09-04 13:24:24,775 INFO     ___FILE_ONLY___ ═
2026-09-04 13:24:24,776 INFO     ___FILE_ONLY___ ═
2026-09-04 13:24:24,777 INFO     ___FILE_ONLY___ ═
2026-09-04 13:24:24,778 INFO     ___FILE_ONLY___ ═
2026-09-04 13:24:24,779 INFO     ___FILE_ONLY___ ═
2026-09-04 13:24:24,780 INFO     ___FILE_ONLY___ ═
2026-09-04 13:24:24,781 INFO     ___FILE_ONLY___ ═
2026-09-04 13:24:24,782 INFO     ___FILE_ONLY___ ═
2026-09-04 13:24:24,783 INFO     ___FILE_ONLY___ ═
2026-09-04 13:24:24,784 INFO     ___FILE_ONLY___ ═
2026-09-04 13:24:24,785 INFO     ___FILE_ONLY___ ═
2026-09-04 13:24:24,786 INFO     ___FILE_ONLY___ ═
2026-09-04 13:24:24,787 INFO     ___FILE_ONLY___ ═
2026-09-04 13:24:24,788 INFO     ___FILE_ONLY___ ═
2026-09-04 13:24:24,789 INFO     ___FILE_ONLY___ ═
2026-09-04 13:24:24,791 INFO     ___FILE_ONLY___ ═
2026-09-04 13:24:24,792 INFO     ___FILE_ONLY___ ═
2026-09-04 13:24:24,793 INFO     ___FILE_ONLY___ ═
2026-09-04 13:24:24,794 INFO     ___FILE_ONLY___ ═
2026-09-04 13:24:24,795 INFO     ___FILE_ONLY___ ═
2026-09-04 13:24:24,796 INFO     ___FILE_ONLY___ ═
2026-09-04 13:24:24,797 INFO     ___FILE_ONLY___ ═
2026-09-04 13:24:24,798 INFO     ___FILE_ONLY___ ═
2026-09-04 13:24:24,799 INFO     ___FILE_ONLY___ ═
2026-09-04 13:24:24,800 INFO     ___FILE_ONLY___ ═
2026-09-04 13:24:24,801 INFO     ___FILE_ONLY___ ═
2026-09-04 13:24:24,802 INFO     ___FILE_ONLY___ ═
2026-09-04 13:24:24,803 INFO     ___FILE_ONLY___ ╝

2026-09-04 13:24:24,805 INFO     ___FILE_ONLY___ ╔════════════════════════════════════════════════════════════╗

2026-09-04 13:24:24,806 INFO     ___FILE_ONLY___ ╠═ Downloading: Cloud Storage Command Line Tool             ═╣

2026-09-04 13:24:24,806 INFO     ___FILE_ONLY___ ╚
2026-09-04 13:24:24,807 DEBUG    root            On GCE from memory cache: False
2026-09-04 13:24:24,809 DEBUG    root            On GCE from memory cache: False
2026-09-04 13:24:24,811 DEBUG    urllib3.connectionpool Starting new HTTPS connection (1): dl.google.com:443
2026-09-04 13:24:24,826 DEBUG    urllib3.connectionpool https://dl.google.com:443 "GET /dl/cloudsdk/channels/rapid/components/google-cloud-sdk-gsutil-20260501041631.tar.gz HTTP/1.1" 200 12967034
2026-09-04 13:24:24,904 INFO     ___FILE_ONLY___ ═
2026-09-04 13:24:24,905 INFO     ___FILE_ONLY___ ═
2026-09-04 13:24:24,905 INFO     ___FILE_ONLY___ ═
2026-09-04 13:24:24,906 INFO     ___FILE_ONLY___ ═
2026-09-04 13:24:24,906 INFO     ___FILE_ONLY___ ═
2026-09-04 13:24:24,907 INFO     ___FILE_ONLY___ ═
2026-09-04 13:24:24,907 INFO     ___FILE_ONLY___ ═
2026-09-04 13:24:24,908 INFO     ___FILE_ONLY___ ═
2026-09-04 13:24:24,908 INFO     ___FILE_ONLY___ ═
2026-09-04 13:24:24,909 INFO     ___FILE_ONLY___ ═
2026-09-04 13:24:24,909 INFO     ___FILE_ONLY___ ═
2026-09-04 13:24:24,910 INFO     ___FILE_ONLY___ ═
2026-09-04 13:24:24,910 INFO     ___FILE_ONLY___ ═
2026-09-04 13:24:24,911 INFO     ___FILE_ONLY___ ═
2026-09-04 13:24:24,911 INFO     ___FILE_ONLY___ ═
2026-09-04 13:24:24,912 INFO     ___FILE_ONLY___ ═
2026-09-04 13:24:24,912 INFO     ___FILE_ONLY___ ═
2026-09-04 13:24:24,913 INFO     ___FILE_ONLY___ ═
2026-09-04 13:24:24,913 INFO     ___FILE_ONLY___ ═
2026-09-04 13:24:24,914 INFO     ___FILE_ONLY___ ═
2026-09-04 13:24:24,914 INFO     ___FILE_ONLY___ ═
2026-09-04 13:24:24,915 INFO     ___FILE_ONLY___ ═
2026-09-04 13:24:24,915 INFO     ___FILE_ONLY___ ═
2026-09-04 13:24:24,916 INFO     ___FILE_ONLY___ ═
2026-09-04 13:24:24,916 INFO     ___FILE_ONLY___ ═
2026-09-04 13:24:24,917 INFO     ___FILE_ONLY___ ═
2026-09-04 13:24:24,917 INFO     ___FILE_ONLY___ ═
2026-09-04 13:24:24,918 INFO     ___FILE_ONLY___ ═
2026-09-04 13:24:24,918 INFO     ___FILE_ONLY___ ═
2026-09-04 13:24:24,919 INFO     ___FILE_ONLY___ ═
2026-09-04 13:24:24,919 INFO     ___FILE_ONLY___ ═
2026-09-04 13:24:24,920 INFO     ___FILE_ONLY___ ═
2026-09-04 13:24:24,920 INFO     ___FILE_ONLY___ ═
2026-09-04 13:24:24,921 INFO     ___FILE_ONLY___ ═
2026-09-04 13:24:24,921 INFO     ___FILE_ONLY___ ═
2026-09-04 13:24:24,922 INFO     ___FILE_ONLY___ ═
2026-09-04 13:24:24,922 INFO     ___FILE_ONLY___ ═
2026-09-04 13:24:24,923 INFO     ___FILE_ONLY___ ═
2026-09-04 13:24:24,923 INFO     ___FILE_ONLY___ ═
2026-09-04 13:24:24,924 INFO     ___FILE_ONLY___ ═
2026-09-04 13:24:24,924 INFO     ___FILE_ONLY___ ═
2026-09-04 13:24:24,925 INFO     ___FILE_ONLY___ ═
2026-09-04 13:24:24,925 INFO     ___FILE_ONLY___ ═
2026-09-04 13:24:24,926 INFO     ___FILE_ONLY___ ═
2026-09-04 13:24:24,926 INFO     ___FILE_ONLY___ ═
2026-09-04 13:24:24,927 INFO     ___FILE_ONLY___ ═
2026-09-04 13:24:24,927 INFO     ___FILE_ONLY___ ═
2026-09-04 13:24:24,928 INFO     ___FILE_ONLY___ ═
2026-09-04 13:24:24,928 INFO     ___FILE_ONLY___ ═
2026-09-04 13:24:24,929 INFO     ___FILE_ONLY___ ═
2026-09-04 13:24:24,929 INFO     ___FILE_ONLY___ ═
2026-09-04 13:24:24,930 INFO     ___FILE_ONLY___ ═
2026-09-04 13:24:24,930 INFO     ___FILE_ONLY___ ═
2026-09-04 13:24:24,931 INFO     ___FILE_ONLY___ ═
2026-09-04 13:24:24,931 INFO     ___FILE_ONLY___ ═
2026-09-04 13:24:24,932 INFO     ___FILE_ONLY___ ═
2026-09-04 13:24:24,932 INFO     ___FILE_ONLY___ ═
2026-09-04 13:24:24,933 INFO     ___FILE_ONLY___ ═
2026-09-04 13:24:24,933 INFO     ___FILE_ONLY___ ═
2026-09-04 13:24:24,934 INFO     ___FILE_ONLY___ ═
2026-09-04 13:24:24,934 INFO     ___FILE_ONLY___ ╝

2026-09-04 13:24:24,937 INFO     ___FILE_ONLY___ ╔════════════════════════════════════════════════════════════╗

2026-09-04 13:24:24,937 INFO     ___FILE_ONLY___ ╠═ Downloading: Cloud Storage Command Line Tool (Platfor... ═╣

2026-09-04 13:24:24,937 INFO     ___FILE_ONLY___ ╚
2026-09-04 13:24:24,938 DEBUG    root            On GCE from memory cache: False
2026-09-04 13:24:24,940 DEBUG    root            On GCE from memory cache: False
2026-09-04 13:24:24,942 DEBUG    urllib3.connectionpool Starting new HTTPS connection (1): dl.google.com:443
2026-09-04 13:24:24,957 DEBUG    urllib3.connectionpool https://dl.google.com:443 "GET /dl/cloudsdk/channels/rapid/components/google-cloud-sdk-gsutil-nix-20260605120704.tar.gz HTTP/1.1" 200 1963
2026-09-04 13:24:24,958 INFO     ___FILE_ONLY___ ════════════════════════════════════════════════════════════
2026-09-04 13:24:24,958 INFO     ___FILE_ONLY___ ╝

2026-09-04 13:24:24,961 INFO     ___FILE_ONLY___ ╔════════════════════════════════════════════════════════════╗

2026-09-04 13:24:24,961 INFO     ___FILE_ONLY___ ╠═ Downloading: Default set of gcloud commands              ═╣

2026-09-04 13:24:24,961 INFO     ___FILE_ONLY___ ╚
2026-09-04 13:24:24,961 INFO     ___FILE_ONLY___ ════════════════════════════════════════════════════════════
2026-09-04 13:24:24,962 INFO     ___FILE_ONLY___ ╝

2026-09-04 13:24:24,964 INFO     ___FILE_ONLY___ ╔════════════════════════════════════════════════════════════╗

2026-09-04 13:24:24,964 INFO     ___FILE_ONLY___ ╠═ Downloading: Default set of gcloud commands (Platform... ═╣

2026-09-04 13:24:24,964 INFO     ___FILE_ONLY___ ╚
2026-09-04 13:24:24,966 DEBUG    root            On GCE from memory cache: False
2026-09-04 13:24:24,967 DEBUG    root            On GCE from memory cache: False
2026-09-04 13:24:24,969 DEBUG    urllib3.connectionpool Starting new HTTPS connection (1): dl.google.com:443
2026-09-04 13:24:25,031 DEBUG    urllib3.connectionpool https://dl.google.com:443 "GET /dl/cloudsdk/channels/rapid/components/google-cloud-sdk-gcloud-linux-x86_64-20260710150251.tar.gz HTTP/1.1" 200 99
2026-09-04 13:24:25,032 INFO     ___FILE_ONLY___ ════════════════════════════════════════════════════════════
2026-09-04 13:24:25,032 INFO     ___FILE_ONLY___ ╝

2026-09-04 13:24:25,035 INFO     ___FILE_ONLY___ ╔════════════════════════════════════════════════════════════╗

2026-09-04 13:24:25,035 INFO     ___FILE_ONLY___ ╠═ Downloading: Google Cloud CLI Core Libraries (Platfor... ═╣

2026-09-04 13:24:25,035 INFO     ___FILE_ONLY___ ╚
2026-09-04 13:24:25,036 DEBUG    root            On GCE from memory cache: False
2026-09-04 13:24:25,038 DEBUG    root            On GCE from memory cache: False
2026-09-04 13:24:25,040 DEBUG    urllib3.connectionpool Starting new HTTPS connection (1): dl.google.com:443
2026-09-04 13:24:25,052 DEBUG    urllib3.connectionpool https://dl.google.com:443 "GET /dl/cloudsdk/channels/rapid/components/google-cloud-sdk-core-nix-20260605120704.tar.gz HTTP/1.1" 200 2342
2026-09-04 13:24:25,053 INFO     ___FILE_ONLY___ ════════════════════════════════════════════════════════════
2026-09-04 13:24:25,053 INFO     ___FILE_ONLY___ ╝

2026-09-04 13:24:25,056 INFO     ___FILE_ONLY___ ╔════════════════════════════════════════════════════════════╗

2026-09-04 13:24:25,056 INFO     ___FILE_ONLY___ ╠═ Downloading: Google Cloud CRC32C Hash Tool               ═╣

2026-09-04 13:24:25,056 INFO     ___FILE_ONLY___ ╚
2026-09-04 13:24:25,056 INFO     ___FILE_ONLY___ ════════════════════════════════════════════════════════════
2026-09-04 13:24:25,057 INFO     ___FILE_ONLY___ ╝

2026-09-04 13:24:25,059 INFO     ___FILE_ONLY___ ╔════════════════════════════════════════════════════════════╗

2026-09-04 13:24:25,059 INFO     ___FILE_ONLY___ ╠═ Downloading: Google Cloud CRC32C Hash Tool (Platform ... ═╣

2026-09-04 13:24:25,059 INFO     ___FILE_ONLY___ ╚
2026-09-04 13:24:25,061 DEBUG    root            On GCE from memory cache: False
2026-09-04 13:24:25,063 DEBUG    root            On GCE from memory cache: False
2026-09-04 13:24:25,064 DEBUG    urllib3.connectionpool Starting new HTTPS connection (1): dl.google.com:443
2026-09-04 13:24:25,078 DEBUG    urllib3.connectionpool https://dl.google.com:443 "GET /dl/cloudsdk/channels/rapid/components/google-cloud-sdk-gcloud-crc32c-linux-x86_64-20260821073916.tar.gz HTTP/1.1" 200 1610557
2026-09-04 13:24:25,099 INFO     ___FILE_ONLY___ ═
2026-09-04 13:24:25,099 INFO     ___FILE_ONLY___ ═
2026-09-04 13:24:25,100 INFO     ___FILE_ONLY___ ═
2026-09-04 13:24:25,100 INFO     ___FILE_ONLY___ ═
2026-09-04 13:24:25,100 INFO     ___FILE_ONLY___ ═
2026-09-04 13:24:25,100 INFO     ___FILE_ONLY___ ═
2026-09-04 13:24:25,100 INFO     ___FILE_ONLY___ ═
2026-09-04 13:24:25,101 INFO     ___FILE_ONLY___ ═
2026-09-04 13:24:25,101 INFO     ___FILE_ONLY___ ═
2026-09-04 13:24:25,101 INFO     ___FILE_ONLY___ ═
2026-09-04 13:24:25,101 INFO     ___FILE_ONLY___ ═
2026-09-04 13:24:25,101 INFO     ___FILE_ONLY___ ═
2026-09-04 13:24:25,102 INFO     ___FILE_ONLY___ ═
2026-09-04 13:24:25,102 INFO     ___FILE_ONLY___ ═
2026-09-04 13:24:25,102 INFO     ___FILE_ONLY___ ═
2026-09-04 13:24:25,102 INFO     ___FILE_ONLY___ ═
2026-09-04 13:24:25,102 INFO     ___FILE_ONLY___ ═
2026-09-04 13:24:25,102 INFO     ___FILE_ONLY___ ═
2026-09-04 13:24:25,102 INFO     ___FILE_ONLY___ ═
2026-09-04 13:24:25,103 INFO     ___FILE_ONLY___ ═
2026-09-04 13:24:25,103 INFO     ___FILE_ONLY___ ═
2026-09-04 13:24:25,103 INFO     ___FILE_ONLY___ ═
2026-09-04 13:24:25,103 INFO     ___FILE_ONLY___ ═
2026-09-04 13:24:25,103 INFO     ___FILE_ONLY___ ═
2026-09-04 13:24:25,103 INFO     ___FILE_ONLY___ ═
2026-09-04 13:24:25,103 INFO     ___FILE_ONLY___ ═
2026-09-04 13:24:25,104 INFO     ___FILE_ONLY___ ═
2026-09-04 13:24:25,104 INFO     ___FILE_ONLY___ ═
2026-09-04 13:24:25,104 INFO     ___FILE_ONLY___ ═
2026-09-04 13:24:25,104 INFO     ___FILE_ONLY___ ═
2026-09-04 13:24:25,104 INFO     ___FILE_ONLY___ ═
2026-09-04 13:24:25,104 INFO     ___FILE_ONLY___ ═
2026-09-04 13:24:25,105 INFO     ___FILE_ONLY___ ═
2026-09-04 13:24:25,105 INFO     ___FILE_ONLY___ ═
2026-09-04 13:24:25,105 INFO     ___FILE_ONLY___ ═
2026-09-04 13:24:25,105 INFO     ___FILE_ONLY___ ═
2026-09-04 13:24:25,105 INFO     ___FILE_ONLY___ ═
2026-09-04 13:24:25,105 INFO     ___FILE_ONLY___ ═
2026-09-04 13:24:25,105 INFO     ___FILE_ONLY___ ═
2026-09-04 13:24:25,106 INFO     ___FILE_ONLY___ ═
2026-09-04 13:24:25,106 INFO     ___FILE_ONLY___ ═
2026-09-04 13:24:25,106 INFO     ___FILE_ONLY___ ═
2026-09-04 13:24:25,106 INFO     ___FILE_ONLY___ ═
2026-09-04 13:24:25,106 INFO     ___FILE_ONLY___ ═
2026-09-04 13:24:25,106 INFO     ___FILE_ONLY___ ═
2026-09-04 13:24:25,107 INFO     ___FILE_ONLY___ ═
2026-09-04 13:24:25,107 INFO     ___FILE_ONLY___ ═
2026-09-04 13:24:25,107 INFO     ___FILE_ONLY___ ═
2026-09-04 13:24:25,107 INFO     ___FILE_ONLY___ ═
2026-09-04 13:24:25,107 INFO     ___FILE_ONLY___ ═
2026-09-04 13:24:25,107 INFO     ___FILE_ONLY___ ═
2026-09-04 13:24:25,108 INFO     ___FILE_ONLY___ ═
2026-09-04 13:24:25,108 INFO     ___FILE_ONLY___ ═
2026-09-04 13:24:25,108 INFO     ___FILE_ONLY___ ═
2026-09-04 13:24:25,108 INFO     ___FILE_ONLY___ ═
2026-09-04 13:24:25,108 INFO     ___FILE_ONLY___ ═
2026-09-04 13:24:25,108 INFO     ___FILE_ONLY___ ═
2026-09-04 13:24:25,108 INFO     ___FILE_ONLY___ ═
2026-09-04 13:24:25,109 INFO     ___FILE_ONLY___ ═
2026-09-04 13:24:25,109 INFO     ___FILE_ONLY___ ═
2026-09-04 13:24:25,109 INFO     ___FILE_ONLY___ ╝

2026-09-04 13:24:25,112 INFO     ___FILE_ONLY___ ╔════════════════════════════════════════════════════════════╗

2026-09-04 13:24:25,112 INFO     ___FILE_ONLY___ ╠═ Downloading: gcloud cli dependencies (Platform Specific) ═╣

2026-09-04 13:24:25,112 INFO     ___FILE_ONLY___ ╚
2026-09-04 13:24:25,113 DEBUG    root            On GCE from memory cache: False
2026-09-04 13:24:25,115 DEBUG    root            On GCE from memory cache: False
2026-09-04 13:24:25,117 DEBUG    urllib3.connectionpool Starting new HTTPS connection (1): dl.google.com:443
2026-09-04 13:24:25,191 DEBUG    urllib3.connectionpool https://dl.google.com:443 "GET /dl/cloudsdk/channels/rapid/components/google-cloud-sdk-gcloud-deps-linux-x86_64-20210416153011.tar.gz HTTP/1.1" 200 104
2026-09-04 13:24:25,192 INFO     ___FILE_ONLY___ ════════════════════════════════════════════════════════════
2026-09-04 13:24:25,193 INFO     ___FILE_ONLY___ ╝

2026-09-04 13:24:25,195 INFO     ___FILE_ONLY___ ╔════════════════════════════════════════════════════════════╗

2026-09-04 13:24:25,195 INFO     ___FILE_ONLY___ ╠═ Installing: BigQuery Command Line Tool                   ═╣

2026-09-04 13:24:25,196 INFO     ___FILE_ONLY___ ╚
2026-09-04 13:24:25,407 INFO     ___FILE_ONLY___ ═
2026-09-04 13:24:25,412 INFO     ___FILE_ONLY___ ═
2026-09-04 13:24:25,416 INFO     ___FILE_ONLY___ ═
2026-09-04 13:24:25,421 INFO     ___FILE_ONLY___ ═
2026-09-04 13:24:25,425 INFO     ___FILE_ONLY___ ═
2026-09-04 13:24:25,429 INFO     ___FILE_ONLY___ ═
2026-09-04 13:24:25,432 INFO     ___FILE_ONLY___ ═
2026-09-04 13:24:25,436 INFO     ___FILE_ONLY___ ═
2026-09-04 13:24:25,441 INFO     ___FILE_ONLY___ ═
2026-09-04 13:24:25,446 INFO     ___FILE_ONLY___ ═
2026-09-04 13:24:25,450 INFO     ___FILE_ONLY___ ═
2026-09-04 13:24:25,453 INFO     ___FILE_ONLY___ ═
2026-09-04 13:24:25,457 INFO     ___FILE_ONLY___ ═
2026-09-04 13:24:25,462 INFO     ___FILE_ONLY___ ═
2026-09-04 13:24:25,466 INFO     ___FILE_ONLY___ ═
2026-09-04 13:24:25,470 INFO     ___FILE_ONLY___ ═
2026-09-04 13:24:25,475 INFO     ___FILE_ONLY___ ═
2026-09-04 13:24:25,479 INFO     ___FILE_ONLY___ ═
2026-09-04 13:24:25,484 INFO     ___FILE_ONLY___ ═
2026-09-04 13:24:25,488 INFO     ___FILE_ONLY___ ═
2026-09-04 13:24:25,492 INFO     ___FILE_ONLY___ ═
2026-09-04 13:24:25,497 INFO     ___FILE_ONLY___ ═
2026-09-04 13:24:25,500 INFO     ___FILE_ONLY___ ═
2026-09-04 13:24:25,504 INFO     ___FILE_ONLY___ ═
2026-09-04 13:24:25,507 INFO     ___FILE_ONLY___ ═
2026-09-04 13:24:25,511 INFO     ___FILE_ONLY___ ═
2026-09-04 13:24:25,514 INFO     ___FILE_ONLY___ ═
2026-09-04 13:24:25,518 INFO     ___FILE_ONLY___ ═
2026-09-04 13:24:25,521 INFO     ___FILE_ONLY___ ═
2026-09-04 13:24:25,524 INFO     ___FILE_ONLY___ ═
2026-09-04 13:24:25,527 INFO     ___FILE_ONLY___ ═
2026-09-04 13:24:25,530 INFO     ___FILE_ONLY___ ═
2026-09-04 13:24:25,532 INFO     ___FILE_ONLY___ ═
2026-09-04 13:24:25,538 INFO     ___FILE_ONLY___ ═
2026-09-04 13:24:25,541 INFO     ___FILE_ONLY___ ═
2026-09-04 13:24:25,545 INFO     ___FILE_ONLY___ ═
2026-09-04 13:24:25,549 INFO     ___FILE_ONLY___ ═
2026-09-04 13:24:25,555 INFO     ___FILE_ONLY___ ═
2026-09-04 13:24:25,559 INFO     ___FILE_ONLY___ ═
2026-09-04 13:24:25,567 INFO     ___FILE_ONLY___ ═
2026-09-04 13:24:25,576 INFO     ___FILE_ONLY___ ═
2026-09-04 13:24:25,580 INFO     ___FILE_ONLY___ ═
2026-09-04 13:24:25,597 INFO     ___FILE_ONLY___ ═
2026-09-04 13:24:25,601 INFO     ___FILE_ONLY___ ═
2026-09-04 13:24:25,605 INFO     ___FILE_ONLY___ ═
2026-09-04 13:24:25,612 INFO     ___FILE_ONLY___ ═
2026-09-04 13:24:25,616 INFO     ___FILE_ONLY___ ═
2026-09-04 13:24:25,621 INFO     ___FILE_ONLY___ ═
2026-09-04 13:24:25,627 INFO     ___FILE_ONLY___ ═
2026-09-04 13:24:25,631 INFO     ___FILE_ONLY___ ═
2026-09-04 13:24:25,635 INFO     ___FILE_ONLY___ ═
2026-09-04 13:24:25,639 INFO     ___FILE_ONLY___ ═
2026-09-04 13:24:25,642 INFO     ___FILE_ONLY___ ═
2026-09-04 13:24:25,646 INFO     ___FILE_ONLY___ ═
2026-09-04 13:24:25,650 INFO     ___FILE_ONLY___ ═
2026-09-04 13:24:25,654 INFO     ___FILE_ONLY___ ═
2026-09-04 13:24:25,658 INFO     ___FILE_ONLY___ ═
2026-09-04 13:24:25,661 INFO     ___FILE_ONLY___ ═
2026-09-04 13:24:25,665 INFO     ___FILE_ONLY___ ═
2026-09-04 13:24:25,668 INFO     ___FILE_ONLY___ ═
2026-09-04 13:24:25,669 INFO     ___FILE_ONLY___ ╝

2026-09-04 13:24:25,683 INFO     ___FILE_ONLY___ ╔════════════════════════════════════════════════════════════╗

2026-09-04 13:24:25,684 INFO     ___FILE_ONLY___ ╠═ Installing: BigQuery Command Line Tool (Platform Spec... ═╣

2026-09-04 13:24:25,684 INFO     ___FILE_ONLY___ ╚
2026-09-04 13:24:25,685 INFO     ___FILE_ONLY___ ════════════════════════════════════════════════════════════
2026-09-04 13:24:25,685 INFO     ___FILE_ONLY___ ╝

2026-09-04 13:24:25,694 INFO     ___FILE_ONLY___ ╔════════════════════════════════════════════════════════════╗

2026-09-04 13:24:25,694 INFO     ___FILE_ONLY___ ╠═ Installing: Bundled Python 3.14                          ═╣

2026-09-04 13:24:25,694 INFO     ___FILE_ONLY___ ╚
2026-09-04 13:24:25,700 INFO     ___FILE_ONLY___ ════════════════════════════════════════════════════════════
2026-09-04 13:24:25,700 INFO     ___FILE_ONLY___ ╝

2026-09-04 13:24:25,702 INFO     ___FILE_ONLY___ ╔════════════════════════════════════════════════════════════╗

2026-09-04 13:24:25,702 INFO     ___FILE_ONLY___ ╠═ Installing: Bundled Python 3.14 (Platform Specific)      ═╣

2026-09-04 13:24:25,703 INFO     ___FILE_ONLY___ ╚
2026-09-04 13:24:27,539 INFO     ___FILE_ONLY___ ═
2026-09-04 13:24:27,566 INFO     ___FILE_ONLY___ ═
2026-09-04 13:24:27,602 INFO     ___FILE_ONLY___ ═
2026-09-04 13:24:27,676 INFO     ___FILE_ONLY___ ═
2026-09-04 13:24:27,733 INFO     ___FILE_ONLY___ ═
2026-09-04 13:24:27,757 INFO     ___FILE_ONLY___ ═
2026-09-04 13:24:27,786 INFO     ___FILE_ONLY___ ═
2026-09-04 13:24:27,809 INFO     ___FILE_ONLY___ ═
2026-09-04 13:24:27,838 INFO     ___FILE_ONLY___ ═
2026-09-04 13:24:27,874 INFO     ___FILE_ONLY___ ═
2026-09-04 13:24:27,900 INFO     ___FILE_ONLY___ ═
2026-09-04 13:24:27,925 INFO     ___FILE_ONLY___ ═
2026-09-04 13:24:28,074 INFO     ___FILE_ONLY___ ═
2026-09-04 13:24:28,322 INFO     ___FILE_ONLY___ ═
2026-09-04 13:24:28,357 INFO     ___FILE_ONLY___ ═
2026-09-04 13:24:28,392 INFO     ___FILE_ONLY___ ═
2026-09-04 13:24:28,420 INFO     ___FILE_ONLY___ ═
2026-09-04 13:24:28,457 INFO     ___FILE_ONLY___ ═
2026-09-04 13:24:28,485 INFO     ___FILE_ONLY___ ═
2026-09-04 13:24:28,515 INFO     ___FILE_ONLY___ ═
2026-09-04 13:24:28,550 INFO     ___FILE_ONLY___ ═
2026-09-04 13:24:28,585 INFO     ___FILE_ONLY___ ═
2026-09-04 13:24:28,625 INFO     ___FILE_ONLY___ ═
2026-09-04 13:24:28,644 INFO     ___FILE_ONLY___ ═
2026-09-04 13:24:28,662 INFO     ___FILE_ONLY___ ═
2026-09-04 13:24:28,678 INFO     ___FILE_ONLY___ ═
2026-09-04 13:24:28,697 INFO     ___FILE_ONLY___ ═
2026-09-04 13:24:28,716 INFO     ___FILE_ONLY___ ═
2026-09-04 13:24:28,733 INFO     ___FILE_ONLY___ ═
2026-09-04 13:24:28,751 INFO     ___FILE_ONLY___ ═
2026-09-04 13:24:28,769 INFO     ___FILE_ONLY___ ═
2026-09-04 13:24:28,784 INFO     ___FILE_ONLY___ ═
2026-09-04 13:24:28,798 INFO     ___FILE_ONLY___ ═
2026-09-04 13:24:28,810 INFO     ___FILE_ONLY___ ═
2026-09-04 13:24:28,821 INFO     ___FILE_ONLY___ ═
2026-09-04 13:24:28,832 INFO     ___FILE_ONLY___ ═
2026-09-04 13:24:28,845 INFO     ___FILE_ONLY___ ═
2026-09-04 13:24:28,857 INFO     ___FILE_ONLY___ ═
2026-09-04 13:24:28,870 INFO     ___FILE_ONLY___ ═
2026-09-04 13:24:28,880 INFO     ___FILE_ONLY___ ═
2026-09-04 13:24:28,892 INFO     ___FILE_ONLY___ ═
2026-09-04 13:24:28,906 INFO     ___FILE_ONLY___ ═
2026-09-04 13:24:28,917 INFO     ___FILE_ONLY___ ═
2026-09-04 13:24:28,928 INFO     ___FILE_ONLY___ ═
2026-09-04 13:24:28,939 INFO     ___FILE_ONLY___ ═
2026-09-04 13:24:28,952 INFO     ___FILE_ONLY___ ═
2026-09-04 13:24:28,963 INFO     ___FILE_ONLY___ ═
2026-09-04 13:24:28,976 INFO     ___FILE_ONLY___ ═
2026-09-04 13:24:28,990 INFO     ___FILE_ONLY___ ═
2026-09-04 13:24:29,001 INFO     ___FILE_ONLY___ ═
2026-09-04 13:24:29,013 INFO     ___FILE_ONLY___ ═
2026-09-04 13:24:29,027 INFO     ___FILE_ONLY___ ═
2026-09-04 13:24:29,041 INFO     ___FILE_ONLY___ ═
2026-09-04 13:24:29,055 INFO     ___FILE_ONLY___ ═
2026-09-04 13:24:29,069 INFO     ___FILE_ONLY___ ═
2026-09-04 13:24:29,083 INFO     ___FILE_ONLY___ ═
2026-09-04 13:24:29,098 INFO     ___FILE_ONLY___ ═
2026-09-04 13:24:29,117 INFO     ___FILE_ONLY___ ═
2026-09-04 13:24:29,132 INFO     ___FILE_ONLY___ ═
2026-09-04 13:24:29,333 INFO     ___FILE_ONLY___ ═
2026-09-04 13:24:29,334 INFO     ___FILE_ONLY___ ╝

2026-09-04 13:24:29,381 INFO     ___FILE_ONLY___ ╔════════════════════════════════════════════════════════════╗

2026-09-04 13:24:29,382 INFO     ___FILE_ONLY___ ╠═ Installing: Cloud Storage Command Line Tool              ═╣

2026-09-04 13:24:29,382 INFO     ___FILE_ONLY___ ╚
2026-09-04 13:24:29,966 INFO     ___FILE_ONLY___ ═
2026-09-04 13:24:29,978 INFO     ___FILE_ONLY___ ═
2026-09-04 13:24:29,989 INFO     ___FILE_ONLY___ ═
2026-09-04 13:24:29,999 INFO     ___FILE_ONLY___ ═
2026-09-04 13:24:30,010 INFO     ___FILE_ONLY___ ═
2026-09-04 13:24:30,047 INFO     ___FILE_ONLY___ ═
2026-09-04 13:24:30,063 INFO     ___FILE_ONLY___ ═
2026-09-04 13:24:30,081 INFO     ___FILE_ONLY___ ═
2026-09-04 13:24:30,099 INFO     ___FILE_ONLY___ ═
2026-09-04 13:24:30,116 INFO     ___FILE_ONLY___ ═
2026-09-04 13:24:30,137 INFO     ___FILE_ONLY___ ═
2026-09-04 13:24:30,151 INFO     ___FILE_ONLY___ ═
2026-09-04 13:24:30,164 INFO     ___FILE_ONLY___ ═
2026-09-04 13:24:30,175 INFO     ___FILE_ONLY___ ═
2026-09-04 13:24:30,185 INFO     ___FILE_ONLY___ ═
2026-09-04 13:24:30,204 INFO     ___FILE_ONLY___ ═
2026-09-04 13:24:30,219 INFO     ___FILE_ONLY___ ═
2026-09-04 13:24:30,230 INFO     ___FILE_ONLY___ ═
2026-09-04 13:24:30,242 INFO     ___FILE_ONLY___ ═
2026-09-04 13:24:30,252 INFO     ___FILE_ONLY___ ═
2026-09-04 13:24:30,262 INFO     ___FILE_ONLY___ ═
2026-09-04 13:24:30,277 INFO     ___FILE_ONLY___ ═
2026-09-04 13:24:30,291 INFO     ___FILE_ONLY___ ═
2026-09-04 13:24:30,305 INFO     ___FILE_ONLY___ ═
2026-09-04 13:24:30,316 INFO     ___FILE_ONLY___ ═
2026-09-04 13:24:30,327 INFO     ___FILE_ONLY___ ═
2026-09-04 13:24:30,337 INFO     ___FILE_ONLY___ ═
2026-09-04 13:24:30,351 INFO     ___FILE_ONLY___ ═
2026-09-04 13:24:30,368 INFO     ___FILE_ONLY___ ═
2026-09-04 13:24:30,380 INFO     ___FILE_ONLY___ ═
2026-09-04 13:24:30,394 INFO     ___FILE_ONLY___ ═
2026-09-04 13:24:30,414 INFO     ___FILE_ONLY___ ═
2026-09-04 13:24:30,430 INFO     ___FILE_ONLY___ ═
2026-09-04 13:24:30,450 INFO     ___FILE_ONLY___ ═
2026-09-04 13:24:30,465 INFO     ___FILE_ONLY___ ═
2026-09-04 13:24:30,480 INFO     ___FILE_ONLY___ ═
2026-09-04 13:24:30,490 INFO     ___FILE_ONLY___ ═
2026-09-04 13:24:30,503 INFO     ___FILE_ONLY___ ═
2026-09-04 13:24:30,538 INFO     ___FILE_ONLY___ ═
2026-09-04 13:24:30,552 INFO     ___FILE_ONLY___ ═
2026-09-04 13:24:30,564 INFO     ___FILE_ONLY___ ═
2026-09-04 13:24:30,576 INFO     ___FILE_ONLY___ ═
2026-09-04 13:24:30,588 INFO     ___FILE_ONLY___ ═
2026-09-04 13:24:30,602 INFO     ___FILE_ONLY___ ═
2026-09-04 13:24:30,614 INFO     ___FILE_ONLY___ ═
2026-09-04 13:24:30,624 INFO     ___FILE_ONLY___ ═
2026-09-04 13:24:30,635 INFO     ___FILE_ONLY___ ═
2026-09-04 13:24:30,645 INFO     ___FILE_ONLY___ ═
2026-09-04 13:24:30,655 INFO     ___FILE_ONLY___ ═
2026-09-04 13:24:30,668 INFO     ___FILE_ONLY___ ═
2026-09-04 13:24:30,684 INFO     ___FILE_ONLY___ ═
2026-09-04 13:24:30,699 INFO     ___FILE_ONLY___ ═
2026-09-04 13:24:30,712 INFO     ___FILE_ONLY___ ═
2026-09-04 13:24:30,726 INFO     ___FILE_ONLY___ ═
2026-09-04 13:24:30,739 INFO     ___FILE_ONLY___ ═
2026-09-04 13:24:30,757 INFO     ___FILE_ONLY___ ═
2026-09-04 13:24:30,773 INFO     ___FILE_ONLY___ ═
2026-09-04 13:24:30,795 INFO     ___FILE_ONLY___ ═
2026-09-04 13:24:30,812 INFO     ___FILE_ONLY___ ═
2026-09-04 13:24:30,831 INFO     ___FILE_ONLY___ ═
2026-09-04 13:24:30,832 INFO     ___FILE_ONLY___ ╝

2026-09-04 13:24:30,865 INFO     ___FILE_ONLY___ ╔════════════════════════════════════════════════════════════╗

2026-09-04 13:24:30,865 INFO     ___FILE_ONLY___ ╠═ Installing: Cloud Storage Command Line Tool (Platform... ═╣

2026-09-04 13:24:30,865 INFO     ___FILE_ONLY___ ╚
2026-09-04 13:24:30,866 INFO     ___FILE_ONLY___ ════════════════════════════════════════════════════════════
2026-09-04 13:24:30,867 INFO     ___FILE_ONLY___ ╝

2026-09-04 13:24:30,872 INFO     ___FILE_ONLY___ ╔════════════════════════════════════════════════════════════╗

2026-09-04 13:24:30,872 INFO     ___FILE_ONLY___ ╠═ Installing: Default set of gcloud commands               ═╣

2026-09-04 13:24:30,872 INFO     ___FILE_ONLY___ ╚
2026-09-04 13:24:30,875 INFO     ___FILE_ONLY___ ════════════════════════════════════════════════════════════
2026-09-04 13:24:30,876 INFO     ___FILE_ONLY___ ╝

2026-09-04 13:24:30,878 INFO     ___FILE_ONLY___ ╔════════════════════════════════════════════════════════════╗

2026-09-04 13:24:30,878 INFO     ___FILE_ONLY___ ╠═ Installing: Default set of gcloud commands (Platform ... ═╣

2026-09-04 13:24:30,878 INFO     ___FILE_ONLY___ ╚
2026-09-04 13:24:30,879 INFO     ___FILE_ONLY___ ════════════════════════════════════════════════════════════
2026-09-04 13:24:30,879 INFO     ___FILE_ONLY___ ╝

2026-09-04 13:24:30,886 INFO     ___FILE_ONLY___ ╔════════════════════════════════════════════════════════════╗

2026-09-04 13:24:30,887 INFO     ___FILE_ONLY___ ╠═ Installing: Google Cloud CLI Core Libraries (Platform... ═╣

2026-09-04 13:24:30,887 INFO     ___FILE_ONLY___ ╚
2026-09-04 13:24:30,888 INFO     ___FILE_ONLY___ ══════════════════════════════
2026-09-04 13:24:30,889 INFO     ___FILE_ONLY___ ══════════════════════════════
2026-09-04 13:24:30,889 INFO     ___FILE_ONLY___ ╝

2026-09-04 13:24:30,896 INFO     ___FILE_ONLY___ ╔════════════════════════════════════════════════════════════╗

2026-09-04 13:24:30,896 INFO     ___FILE_ONLY___ ╠═ Installing: Google Cloud CRC32C Hash Tool                ═╣

2026-09-04 13:24:30,896 INFO     ___FILE_ONLY___ ╚
2026-09-04 13:24:30,902 INFO     ___FILE_ONLY___ ════════════════════════════════════════════════════════════
2026-09-04 13:24:30,902 INFO     ___FILE_ONLY___ ╝

2026-09-04 13:24:30,905 INFO     ___FILE_ONLY___ ╔════════════════════════════════════════════════════════════╗

2026-09-04 13:24:30,905 INFO     ___FILE_ONLY___ ╠═ Installing: Google Cloud CRC32C Hash Tool (Platform S... ═╣

2026-09-04 13:24:30,905 INFO     ___FILE_ONLY___ ╚
2026-09-04 13:24:30,961 INFO     ___FILE_ONLY___ ══════════════════════════════
2026-09-04 13:24:30,962 INFO     ___FILE_ONLY___ ══════════════════════════════
2026-09-04 13:24:30,962 INFO     ___FILE_ONLY___ ╝

2026-09-04 13:24:30,970 INFO     ___FILE_ONLY___ ╔════════════════════════════════════════════════════════════╗

2026-09-04 13:24:30,971 INFO     ___FILE_ONLY___ ╠═ Installing: gcloud cli dependencies (Platform Specific)  ═╣

2026-09-04 13:24:30,971 INFO     ___FILE_ONLY___ ╚
2026-09-04 13:24:30,971 INFO     ___FILE_ONLY___ ════════════════════════════════════════════════════════════
2026-09-04 13:24:30,972 INFO     ___FILE_ONLY___ ╝

2026-09-04 13:24:30,982 DEBUG    root            Updating notification cache...
2026-09-04 13:24:30,983 INFO     ___FILE_ONLY___ 

2026-09-04 13:24:30,985 INFO     ___FILE_ONLY___ Performing post processing steps...
2026-09-04 13:24:30,986 DEBUG    root            Executing command: ['/tools/google-cloud-sdk/bin/gcloud', 'components', 'post-process']
2026-09-04 13:24:47,810 DEBUG    ___FILE_ONLY___ 
2026-09-04 13:24:47,811 DEBUG    ___FILE_ONLY___ 
2026-09-04 13:24:47,880 INFO     root            descriptor_list: [{'universeDomain': 'googleapis.com', 'universeShortName': '', 'authenticationDomain': 'auth.cloud.google.com', 'projectPrefix': '', 'cloudWebDomain': 'cloud.google.com', 'documentationDomain': 'cloud.google.com', 'version': '1.0.0', 'state': 'primary', 'artifactRegistryDomain': 'pkg.dev'}]
2026-09-04 13:24:47,881 INFO     ___FILE_ONLY___ 
Update done!


2026-09-04 13:24:47,885 DEBUG    root            Chosen display Format:none
2026-09-04 13:24:47,886 INFO     root            Display format: "none"
